// Jest Snapshot v1, https://goo.gl/fbAQLP

exports[`<Cart/> renders and matches snappy 1`] = `
<header>
  <CloseButton
    onClick={[Function]}
    title="close"
  >
    <button
      className="CloseButton-sc-58qa9p-0 gLqHpw"
      onClick={[Function]}
      title="close"
    >
      Ã—
    </button>
  </CloseButton>
  <Supreme>
    <h3
      className="Supreme-qhr6ks-0 jvDqVZ"
    >
      Miss Coleman Berge
      's cart
    </h3>
  </Supreme>
  <p>
    You have 
    1
     item
     in your cart.
  </p>
</header>
`;
